// Jest Snapshot v1, https://goo.gl/fbAQLP

exports[`App should mock snapshot 1`] = `undefined`;
