// Jest Snapshot v1, https://goo.gl/fbAQLP

exports[`CardContainer should mock snapshot 1`] = `ShallowWrapper {}`;
