// Jest Snapshot v1, https://goo.gl/fbAQLP

exports[`Controls should mock snapshot 1`] = `ShallowWrapper {}`;
