// Jest Snapshot v1, https://goo.gl/fbAQLP

exports[`ErrorMessage should mock snapshot 1`] = `ShallowWrapper {}`;
