// Jest Snapshot v1, https://goo.gl/fbAQLP

exports[`Header should mock snapshot 1`] = `undefined`;
