// Jest Snapshot v1, https://goo.gl/fbAQLP

exports[`ScrollText should mock snapshot 1`] = `undefined`;
